
> mycoat@1.0.0 build
> next build

  ▲ Next.js 14.2.35

   Creating an optimized production build ...


#
# Fatal process out of memory: Zone
#
----- Native stack trace -----

 1: 00007FF7062B4BB7 
 2: 00007FF7061853FF 
 3: 00007FF707488576 
 4: 00007FF706E0F2D1 
 5: 00007FF7068F0B9B 
 6: 00007FF7074F7327 
 7: 00007FF7074F7ABC 
 8: 00007FF7075318A6 
 9: 00007FF7076D296D 
10: 00007FF7076D2C94 
11: 00007FF70759C832 
12: 00007FF7075A4244 
13: 00007FF7074B7B93 
14: 00007FF70678A695 
15: 00007FF706789BAA 
16: 00007FF70676509B 
17: 00007FF70676A8AF 
18: 00007FF707015856 
19: 00007FF7061881A0 
20: 00007FF7063145F3 
21: 00007FF707BA0E0B 
22: 00007FFD872A54E0 
23: 00007FFD88DC485B 
